<?xml version="1.0" encoding="utf-8"?><testsuites><testsuite name="pytest" errors="0" failures="0" skipped="0" tests="82" time="22.683" timestamp="2021-05-18T18:35:03.003339" hostname="4c0f372519c6"><testcase classname="jerikan.build" name="build[ob1-n1.sk1.blade-group.net]" time="0.053" /><testcase classname="jerikan.build" name="build[ob2-n1.sk1.blade-group.net]" time="0.018" /><testcase classname="jerikan.build" name="build[ob1-p1.sk1.blade-group.net]" time="0.018" /><testcase classname="jerikan.build" name="build[ob2-p1.sk1.blade-group.net]" time="0.017" /><testcase classname="jerikan.build" name="build[ob1-p2.sk1.blade-group.net]" time="0.017" /><testcase classname="jerikan.build" name="build[ob2-p2.sk1.blade-group.net]" time="0.017" /><testcase classname="jerikan.build" name="build[spine1.sk1.blade-group.net]" time="0.138" /><testcase classname="jerikan.build" name="build[spine2.sk1.blade-group.net]" time="0.052" /><testcase classname="jerikan.build" name="build[to1-p1.sk1.blade-group.net]" time="0.172" /><testcase classname="jerikan.build" name="build[to2-p1.sk1.blade-group.net]" time="0.142" /><testcase classname="jerikan.build" name="build[to1-p2.sk1.blade-group.net]" time="0.163" /><testcase classname="jerikan.build" name="build[to2-p2.sk1.blade-group.net]" time="0.141" /><testcase classname="jerikan.build" name="build[to1-sp2.sk1.blade-group.net]" time="0.057" /><testcase classname="jerikan.build" name="build[to2-sp2.sk1.blade-group.net]" time="0.055" /><testcase classname="jerikan.build" name="build[to1-ap1.sk1.blade-group.net]" time="0.045" /><testcase classname="jerikan.build" name="build[to2-ap1.sk1.blade-group.net]" time="0.044" /><testcase classname="jerikan.build" name="build[con1-n1.sk1.blade-group.net]" time="0.040" /><testcase classname="jerikan.build" name="build[gateway1.sk1.blade-group.net]" time="0.274" /><testcase classname="jerikan.build" name="build[gateway2.sk1.blade-group.net]" time="0.173" /><testcase classname="jerikan.build" name="build[ob1-n1.ussfo03.blade-group.net]" time="0.028" /><testcase classname="jerikan.build" name="build[ob1-n2.ussfo03.blade-group.net]" time="0.018" /><testcase classname="jerikan.build" name="build[ob1-ag1.ussfo03.blade-group.net]" time="0.017" /><testcase classname="jerikan.build" name="build[ob1-ag2.ussfo03.blade-group.net]" time="0.017" /><testcase classname="jerikan.build" name="build[ob1-p1.ussfo03.blade-group.net]" time="0.017" /><testcase classname="jerikan.build" name="build[ob2-p1.ussfo03.blade-group.net]" time="0.017" /><testcase classname="jerikan.build" name="build[ob3-p1.ussfo03.blade-group.net]" time="0.017" /><testcase classname="jerikan.build" name="build[ob4-p1.ussfo03.blade-group.net]" time="0.018" /><testcase classname="jerikan.build" name="build[ob1-p2.ussfo03.blade-group.net]" time="0.017" /><testcase classname="jerikan.build" name="build[ob2-p2.ussfo03.blade-group.net]" time="0.017" /><testcase classname="jerikan.build" name="build[ob3-p2.ussfo03.blade-group.net]" time="0.017" /><testcase classname="jerikan.build" name="build[ob4-p2.ussfo03.blade-group.net]" time="0.017" /><testcase classname="jerikan.build" name="build[ob1-p3.ussfo03.blade-group.net]" time="0.017" /><testcase classname="jerikan.build" name="build[ob2-p3.ussfo03.blade-group.net]" time="0.018" /><testcase classname="jerikan.build" name="build[ob3-p3.ussfo03.blade-group.net]" time="0.018" /><testcase classname="jerikan.build" name="build[ob4-p3.ussfo03.blade-group.net]" time="0.017" /><testcase classname="jerikan.build" name="build[ob1-p5.ussfo03.blade-group.net]" time="0.017" /><testcase classname="jerikan.build" name="build[ob2-p5.ussfo03.blade-group.net]" time="0.018" /><testcase classname="jerikan.build" name="build[ob3-p5.ussfo03.blade-group.net]" time="0.017" /><testcase classname="jerikan.build" name="build[ob4-p5.ussfo03.blade-group.net]" time="0.017" /><testcase classname="jerikan.build" name="build[ob1-p8.ussfo03.blade-group.net]" time="0.017" /><testcase classname="jerikan.build" name="build[ob2-p8.ussfo03.blade-group.net]" time="0.017" /><testcase classname="jerikan.build" name="build[ob3-p8.ussfo03.blade-group.net]" time="0.017" /><testcase classname="jerikan.build" name="build[ob4-p8.ussfo03.blade-group.net]" time="0.017" /><testcase classname="jerikan.build" name="build[ob1-sp2.ussfo03.blade-group.net]" time="0.017" /><testcase classname="jerikan.build" name="build[ob2-sp2.ussfo03.blade-group.net]" time="0.018" /><testcase classname="jerikan.build" name="build[ob3-sp2.ussfo03.blade-group.net]" time="0.018" /><testcase classname="jerikan.build" name="build[ob4-sp2.ussfo03.blade-group.net]" time="0.017" /><testcase classname="jerikan.build" name="build[ob1-sp3.ussfo03.blade-group.net]" time="0.018" /><testcase classname="jerikan.build" name="build[ob2-sp3.ussfo03.blade-group.net]" time="0.019" /><testcase classname="jerikan.build" name="build[ob3-sp3.ussfo03.blade-group.net]" time="0.017" /><testcase classname="jerikan.build" name="build[ob4-sp3.ussfo03.blade-group.net]" time="0.017" /><testcase classname="jerikan.build" name="build[spine1.ussfo03.blade-group.net]" time="0.071" /><testcase classname="jerikan.build" name="build[spine2.ussfo03.blade-group.net]" time="0.070" /><testcase classname="jerikan.build" name="build[s-spine1.ussfo03.blade-group.net]" time="0.067" /><testcase classname="jerikan.build" name="build[s-spine2.ussfo03.blade-group.net]" time="0.040" /><testcase classname="jerikan.build" name="build[to1-ap1.ussfo03.blade-group.net]" time="0.097" /><testcase classname="jerikan.build" name="build[to2-ap1.ussfo03.blade-group.net]" time="0.099" /><testcase classname="jerikan.build" name="build[to1-p1.ussfo03.blade-group.net]" time="0.273" /><testcase classname="jerikan.build" name="build[to2-p1.ussfo03.blade-group.net]" time="0.250" /><testcase classname="jerikan.build" name="build[to1-p2.ussfo03.blade-group.net]" time="0.189" /><testcase classname="jerikan.build" name="build[to2-p2.ussfo03.blade-group.net]" time="0.132" /><testcase classname="jerikan.build" name="build[to1-p3.ussfo03.blade-group.net]" time="0.250" /><testcase classname="jerikan.build" name="build[to2-p3.ussfo03.blade-group.net]" time="0.247" /><testcase classname="jerikan.build" name="build[to1-p5.ussfo03.blade-group.net]" time="0.249" /><testcase classname="jerikan.build" name="build[to2-p5.ussfo03.blade-group.net]" time="0.248" /><testcase classname="jerikan.build" name="build[to1-p8.ussfo03.blade-group.net]" time="0.252" /><testcase classname="jerikan.build" name="build[to2-p8.ussfo03.blade-group.net]" time="0.249" /><testcase classname="jerikan.build" name="build[to1-sp2.ussfo03.blade-group.net]" time="0.142" /><testcase classname="jerikan.build" name="build[to2-sp2.ussfo03.blade-group.net]" time="0.145" /><testcase classname="jerikan.build" name="build[to1-sp3.ussfo03.blade-group.net]" time="0.146" /><testcase classname="jerikan.build" name="build[to2-sp3.ussfo03.blade-group.net]" time="0.181" /><testcase classname="jerikan.build" name="build[con1-n1.ussfo03.blade-group.net]" time="0.017" /><testcase classname="jerikan.build" name="build[con1-n2.ussfo03.blade-group.net]" time="0.017" /><testcase classname="jerikan.build" name="build[con1-ag1.ussfo03.blade-group.net]" time="0.018" /><testcase classname="jerikan.build" name="build[con1-ag2.ussfo03.blade-group.net]" time="0.017" /><testcase classname="jerikan.build" name="build[gateway1.ussfo03.blade-group.net]" time="0.390" /><testcase classname="jerikan.build" name="build[gateway2.ussfo03.blade-group.net]" time="0.349" /><testcase classname="jerikan.build" name="build[edge1.sk1.blade-group.net]" time="0.166" /><testcase classname="jerikan.build" name="build[edge2.sk1.blade-group.net]" time="0.037" /><testcase classname="jerikan.build" name="build[edge1.ussfo03.blade-group.net]" time="0.261" /><testcase classname="jerikan.build" name="build[edge2.ussfo03.blade-group.net]" time="0.043" /><testcase classname="jerikan.build" name="build[none]" time="15.685" /></testsuite></testsuites>